apiVersion: v1
data: {}
kind: Secret
metadata:
  annotations: {}
  labels:
    name: test
  name: test
  namespace: openshift-ingress
stringData:
  tls.crt: |
    THECERTTIFICATE
  tls.key: |
    THEKEY
type: kubernetes.io/tls
