apiVersion: rbac.authorization.k8s.io/v1
kind: ClusterRole
metadata:
  annotations: {}
  labels:
    name: syn-openshift4-ingress-cluster-reader
    rbac.authorization.k8s.io/aggregate-to-cluster-reader: 'true'
  name: syn:openshift4-ingress:cluster-reader
rules:
  - apiGroups:
      - operator.openshift.io
    resources:
      - ingresscontrollers
    verbs:
      - get
      - list
      - watch
