apiVersion: operator.openshift.io/v1
kind: IngressController
metadata:
  annotations: {}
  labels:
    name: default
  name: default
  namespace: openshift-ingress-operator
spec:
  nodePlacement:
    nodeSelector:
      matchLabels:
        node-role.kubernetes.io/infra: ''
  replicas: 2
